<?xml version="1.0" encoding="UTF-8"?>
<testsuites>
  <testsuite name="/Users/sisi/Applications/reviewme/phpunit.xml" tests="74" assertions="173" errors="0" failures="0" skipped="2" time="3.807996">
    <testsuite name="Unit" tests="13" assertions="23" errors="0" failures="0" skipped="0" time="0.378649">
      <testsuite name="Tests\Unit\Actions\Posts\AddPostVersionActionTest" file="/Users/sisi/Applications/reviewme/tests/Unit/Actions/Posts/AddPostVersionActionTest.php" tests="1" assertions="2" errors="0" failures="0" skipped="0" time="0.259004">
        <testcase name="test_it_adds_a_new_version_and_increments_version_number" file="/Users/sisi/Applications/reviewme/tests/Unit/Actions/Posts/AddPostVersionActionTest.php" line="16" class="Tests\Unit\Actions\Posts\AddPostVersionActionTest" classname="Tests.Unit.Actions.Posts.AddPostVersionActionTest" assertions="2" time="0.259004"/>
      </testsuite>
      <testsuite name="Tests\Unit\Actions\Posts\CreatePostActionTest" file="/Users/sisi/Applications/reviewme/tests/Unit/Actions/Posts/CreatePostActionTest.php" tests="1" assertions="7" errors="0" failures="0" skipped="0" time="0.012576">
        <testcase name="it_creates_a_post_with_snippets" file="/Users/sisi/Applications/reviewme/tests/Unit/Actions/Posts/CreatePostActionTest.php" line="28" class="Tests\Unit\Actions\Posts\CreatePostActionTest" classname="Tests.Unit.Actions.Posts.CreatePostActionTest" assertions="7" time="0.012576"/>
      </testsuite>
      <testsuite name="Tests\Unit\Actions\Reactions\ToggleReactionActionTest" file="/Users/sisi/Applications/reviewme/tests/Unit/Actions/Reactions/ToggleReactionActionTest.php" tests="3" assertions="6" errors="0" failures="0" skipped="0" time="0.032367">
        <testcase name="it_adds_a_reaction_and_updates_reputation" file="/Users/sisi/Applications/reviewme/tests/Unit/Actions/Reactions/ToggleReactionActionTest.php" line="28" class="Tests\Unit\Actions\Reactions\ToggleReactionActionTest" classname="Tests.Unit.Actions.Reactions.ToggleReactionActionTest" assertions="2" time="0.011416"/>
        <testcase name="it_removes_a_reaction_on_toggle_off" file="/Users/sisi/Applications/reviewme/tests/Unit/Actions/Reactions/ToggleReactionActionTest.php" line="47" class="Tests\Unit\Actions\Reactions\ToggleReactionActionTest" classname="Tests.Unit.Actions.Reactions.ToggleReactionActionTest" assertions="2" time="0.010668"/>
        <testcase name="it_switches_reaction_type_and_calculates_delta" file="/Users/sisi/Applications/reviewme/tests/Unit/Actions/Reactions/ToggleReactionActionTest.php" line="72" class="Tests\Unit\Actions\Reactions\ToggleReactionActionTest" classname="Tests.Unit.Actions.Reactions.ToggleReactionActionTest" assertions="2" time="0.010283"/>
      </testsuite>
      <testsuite name="Tests\Unit\Actions\Reactions\UpdateUserReputationActionTest" file="/Users/sisi/Applications/reviewme/tests/Unit/Actions/Reactions/UpdateUserReputationActionTest.php" tests="8" assertions="8" errors="0" failures="0" skipped="0" time="0.074702">
        <testsuite name="Tests\Unit\Actions\Reactions\UpdateUserReputationActionTest::it_calculates_correct_reputation_impact" tests="8" assertions="8" errors="0" failures="0" skipped="0" time="0.074702">
          <testcase name="it_calculates_correct_reputation_impact with data set &quot;add mindblown&quot;" file="/Users/sisi/Applications/reviewme/tests/Unit/Actions/Reactions/UpdateUserReputationActionTest.php" line="29" class="Tests\Unit\Actions\Reactions\UpdateUserReputationActionTest" classname="Tests.Unit.Actions.Reactions.UpdateUserReputationActionTest" assertions="1" time="0.008513"/>
          <testcase name="it_calculates_correct_reputation_impact with data set &quot;add clean&quot;" file="/Users/sisi/Applications/reviewme/tests/Unit/Actions/Reactions/UpdateUserReputationActionTest.php" line="29" class="Tests\Unit\Actions\Reactions\UpdateUserReputationActionTest" classname="Tests.Unit.Actions.Reactions.UpdateUserReputationActionTest" assertions="1" time="0.008008"/>
          <testcase name="it_calculates_correct_reputation_impact with data set &quot;add security&quot;" file="/Users/sisi/Applications/reviewme/tests/Unit/Actions/Reactions/UpdateUserReputationActionTest.php" line="29" class="Tests\Unit\Actions\Reactions\UpdateUserReputationActionTest" classname="Tests.Unit.Actions.Reactions.UpdateUserReputationActionTest" assertions="1" time="0.007699"/>
          <testcase name="it_calculates_correct_reputation_impact with data set &quot;add optimisable&quot;" file="/Users/sisi/Applications/reviewme/tests/Unit/Actions/Reactions/UpdateUserReputationActionTest.php" line="29" class="Tests\Unit\Actions\Reactions\UpdateUserReputationActionTest" classname="Tests.Unit.Actions.Reactions.UpdateUserReputationActionTest" assertions="1" time="0.008633"/>
          <testcase name="it_calculates_correct_reputation_impact with data set &quot;remove mindblown&quot;" file="/Users/sisi/Applications/reviewme/tests/Unit/Actions/Reactions/UpdateUserReputationActionTest.php" line="29" class="Tests\Unit\Actions\Reactions\UpdateUserReputationActionTest" classname="Tests.Unit.Actions.Reactions.UpdateUserReputationActionTest" assertions="1" time="0.008437"/>
          <testcase name="it_calculates_correct_reputation_impact with data set &quot;remove optimisable&quot;" file="/Users/sisi/Applications/reviewme/tests/Unit/Actions/Reactions/UpdateUserReputationActionTest.php" line="29" class="Tests\Unit\Actions\Reactions\UpdateUserReputationActionTest" classname="Tests.Unit.Actions.Reactions.UpdateUserReputationActionTest" assertions="1" time="0.012235"/>
          <testcase name="it_calculates_correct_reputation_impact with data set &quot;switch to mindblown&quot;" file="/Users/sisi/Applications/reviewme/tests/Unit/Actions/Reactions/UpdateUserReputationActionTest.php" line="29" class="Tests\Unit\Actions\Reactions\UpdateUserReputationActionTest" classname="Tests.Unit.Actions.Reactions.UpdateUserReputationActionTest" assertions="1" time="0.011023"/>
          <testcase name="it_calculates_correct_reputation_impact with data set &quot;switch to optimisable&quot;" file="/Users/sisi/Applications/reviewme/tests/Unit/Actions/Reactions/UpdateUserReputationActionTest.php" line="29" class="Tests\Unit\Actions\Reactions\UpdateUserReputationActionTest" classname="Tests.Unit.Actions.Reactions.UpdateUserReputationActionTest" assertions="1" time="0.010154"/>
        </testsuite>
      </testsuite>
    </testsuite>
    <testsuite name="Feature" tests="61" assertions="150" errors="0" failures="0" skipped="2" time="3.429346">
      <testsuite name="Tests\Feature\Auth\AuthenticationTest" file="/Users/sisi/Applications/reviewme/tests/Feature/Auth/AuthenticationTest.php" tests="4" assertions="8" errors="0" failures="0" skipped="0" time="0.296864">
        <testcase name="test_login_screen_can_be_rendered" file="/Users/sisi/Applications/reviewme/tests/Feature/Auth/AuthenticationTest.php" line="13" class="Tests\Feature\Auth\AuthenticationTest" classname="Tests.Feature.Auth.AuthenticationTest" assertions="1" time="0.050538"/>
        <testcase name="test_users_can_authenticate_using_the_login_screen" file="/Users/sisi/Applications/reviewme/tests/Feature/Auth/AuthenticationTest.php" line="20" class="Tests\Feature\Auth\AuthenticationTest" classname="Tests.Feature.Auth.AuthenticationTest" assertions="3" time="0.024175"/>
        <testcase name="test_users_can_not_authenticate_with_invalid_password" file="/Users/sisi/Applications/reviewme/tests/Feature/Auth/AuthenticationTest.php" line="33" class="Tests\Feature\Auth\AuthenticationTest" classname="Tests.Feature.Auth.AuthenticationTest" assertions="1" time="0.213807"/>
        <testcase name="test_users_can_logout" file="/Users/sisi/Applications/reviewme/tests/Feature/Auth/AuthenticationTest.php" line="45" class="Tests\Feature\Auth\AuthenticationTest" classname="Tests.Feature.Auth.AuthenticationTest" assertions="3" time="0.008343"/>
      </testsuite>
      <testsuite name="Tests\Feature\Auth\EmailVerificationTest" file="/Users/sisi/Applications/reviewme/tests/Feature/Auth/EmailVerificationTest.php" tests="3" assertions="6" errors="0" failures="0" skipped="0" time="0.042344">
        <testcase name="test_email_verification_screen_can_be_rendered" file="/Users/sisi/Applications/reviewme/tests/Feature/Auth/EmailVerificationTest.php" line="16" class="Tests\Feature\Auth\EmailVerificationTest" classname="Tests.Feature.Auth.EmailVerificationTest" assertions="1" time="0.010849"/>
        <testcase name="test_email_can_be_verified" file="/Users/sisi/Applications/reviewme/tests/Feature/Auth/EmailVerificationTest.php" line="25" class="Tests\Feature\Auth\EmailVerificationTest" classname="Tests.Feature.Auth.EmailVerificationTest" assertions="4" time="0.018266"/>
        <testcase name="test_email_is_not_verified_with_invalid_hash" file="/Users/sisi/Applications/reviewme/tests/Feature/Auth/EmailVerificationTest.php" line="44" class="Tests\Feature\Auth\EmailVerificationTest" classname="Tests.Feature.Auth.EmailVerificationTest" assertions="1" time="0.013229"/>
      </testsuite>
      <testsuite name="Tests\Feature\Auth\GithubAuthTest" file="/Users/sisi/Applications/reviewme/tests/Feature/Auth/GithubAuthTest.php" tests="3" assertions="11" errors="0" failures="0" skipped="0" time="0.046572">
        <testcase name="test_github_redirect_works" file="/Users/sisi/Applications/reviewme/tests/Feature/Auth/GithubAuthTest.php" line="15" class="Tests\Feature\Auth\GithubAuthTest" classname="Tests.Feature.Auth.GithubAuthTest" assertions="2" time="0.016511"/>
        <testcase name="test_github_callback_logs_in_user" file="/Users/sisi/Applications/reviewme/tests/Feature/Auth/GithubAuthTest.php" line="23" class="Tests\Feature\Auth\GithubAuthTest" classname="Tests.Feature.Auth.GithubAuthTest" assertions="6" time="0.015429"/>
        <testcase name="test_github_auth_fails_gracefully" file="/Users/sisi/Applications/reviewme/tests/Feature/Auth/GithubAuthTest.php" line="49" class="Tests\Feature\Auth\GithubAuthTest" classname="Tests.Feature.Auth.GithubAuthTest" assertions="3" time="0.014631"/>
      </testsuite>
      <testsuite name="Tests\Feature\Auth\PasswordConfirmationTest" file="/Users/sisi/Applications/reviewme/tests/Feature/Auth/PasswordConfirmationTest.php" tests="3" assertions="4" errors="0" failures="0" skipped="0" time="0.229222">
        <testcase name="test_confirm_password_screen_can_be_rendered" file="/Users/sisi/Applications/reviewme/tests/Feature/Auth/PasswordConfirmationTest.php" line="13" class="Tests\Feature\Auth\PasswordConfirmationTest" classname="Tests.Feature.Auth.PasswordConfirmationTest" assertions="1" time="0.011418"/>
        <testcase name="test_password_can_be_confirmed" file="/Users/sisi/Applications/reviewme/tests/Feature/Auth/PasswordConfirmationTest.php" line="22" class="Tests\Feature\Auth\PasswordConfirmationTest" classname="Tests.Feature.Auth.PasswordConfirmationTest" assertions="2" time="0.008433"/>
        <testcase name="test_password_is_not_confirmed_with_invalid_password" file="/Users/sisi/Applications/reviewme/tests/Feature/Auth/PasswordConfirmationTest.php" line="34" class="Tests\Feature\Auth\PasswordConfirmationTest" classname="Tests.Feature.Auth.PasswordConfirmationTest" assertions="1" time="0.209372"/>
      </testsuite>
      <testsuite name="Tests\Feature\Auth\PasswordResetTest" file="/Users/sisi/Applications/reviewme/tests/Feature/Auth/PasswordResetTest.php" tests="4" assertions="8" errors="0" failures="0" skipped="0" time="0.678108">
        <testcase name="test_reset_password_link_screen_can_be_rendered" file="/Users/sisi/Applications/reviewme/tests/Feature/Auth/PasswordResetTest.php" line="15" class="Tests\Feature\Auth\PasswordResetTest" classname="Tests.Feature.Auth.PasswordResetTest" assertions="1" time="0.010313"/>
        <testcase name="test_reset_password_link_can_be_requested" file="/Users/sisi/Applications/reviewme/tests/Feature/Auth/PasswordResetTest.php" line="22" class="Tests\Feature\Auth\PasswordResetTest" classname="Tests.Feature.Auth.PasswordResetTest" assertions="1" time="0.217748"/>
        <testcase name="test_reset_password_screen_can_be_rendered" file="/Users/sisi/Applications/reviewme/tests/Feature/Auth/PasswordResetTest.php" line="33" class="Tests\Feature\Auth\PasswordResetTest" classname="Tests.Feature.Auth.PasswordResetTest" assertions="2" time="0.227300"/>
        <testcase name="test_password_can_be_reset_with_valid_token" file="/Users/sisi/Applications/reviewme/tests/Feature/Auth/PasswordResetTest.php" line="50" class="Tests\Feature\Auth\PasswordResetTest" classname="Tests.Feature.Auth.PasswordResetTest" assertions="4" time="0.222746"/>
      </testsuite>
      <testsuite name="Tests\Feature\Auth\PasswordUpdateTest" file="/Users/sisi/Applications/reviewme/tests/Feature/Auth/PasswordUpdateTest.php" tests="2" assertions="8" errors="0" failures="0" skipped="0" time="0.033383">
        <testcase name="test_password_can_be_updated" file="/Users/sisi/Applications/reviewme/tests/Feature/Auth/PasswordUpdateTest.php" line="14" class="Tests\Feature\Auth\PasswordUpdateTest" classname="Tests.Feature.Auth.PasswordUpdateTest" assertions="4" time="0.019650"/>
        <testcase name="test_correct_password_must_be_provided_to_update_password" file="/Users/sisi/Applications/reviewme/tests/Feature/Auth/PasswordUpdateTest.php" line="34" class="Tests\Feature\Auth\PasswordUpdateTest" classname="Tests.Feature.Auth.PasswordUpdateTest" assertions="4" time="0.013732"/>
      </testsuite>
      <testsuite name="Tests\Feature\Auth\RegistrationTest" file="/Users/sisi/Applications/reviewme/tests/Feature/Auth/RegistrationTest.php" tests="2" assertions="0" errors="0" failures="0" skipped="2" time="0.016260">
        <testcase name="test_registration_screen_can_be_rendered" file="/Users/sisi/Applications/reviewme/tests/Feature/Auth/RegistrationTest.php" line="12" class="Tests\Feature\Auth\RegistrationTest" classname="Tests.Feature.Auth.RegistrationTest" assertions="0" time="0.008587">
          <skipped/>
        </testcase>
        <testcase name="test_new_users_can_register" file="/Users/sisi/Applications/reviewme/tests/Feature/Auth/RegistrationTest.php" line="20" class="Tests\Feature\Auth\RegistrationTest" classname="Tests.Feature.Auth.RegistrationTest" assertions="0" time="0.007673">
          <skipped/>
        </testcase>
      </testsuite>
      <testsuite name="Tests\Feature\ExampleTest" file="/Users/sisi/Applications/reviewme/tests/Feature/ExampleTest.php" tests="1" assertions="1" errors="0" failures="0" skipped="0" time="0.009902">
        <testcase name="test_the_application_returns_a_successful_response" file="/Users/sisi/Applications/reviewme/tests/Feature/ExampleTest.php" line="13" class="Tests\Feature\ExampleTest" classname="Tests.Feature.ExampleTest" assertions="1" time="0.009902"/>
      </testsuite>
      <testsuite name="Tests\Feature\GroupSecurityTest" file="/Users/sisi/Applications/reviewme/tests/Feature/GroupSecurityTest.php" tests="4" assertions="5" errors="0" failures="0" skipped="0" time="0.159689">
        <testcase name="test_user_cannot_view_group_they_do_not_belong_to" file="/Users/sisi/Applications/reviewme/tests/Feature/GroupSecurityTest.php" line="16" class="Tests\Feature\GroupSecurityTest" classname="Tests.Feature.GroupSecurityTest" assertions="1" time="0.014148"/>
        <testcase name="test_user_can_view_group_they_belong_to" file="/Users/sisi/Applications/reviewme/tests/Feature/GroupSecurityTest.php" line="33" class="Tests\Feature\GroupSecurityTest" classname="Tests.Feature.GroupSecurityTest" assertions="1" time="0.011764"/>
        <testcase name="test_only_owner_can_delete_group" file="/Users/sisi/Applications/reviewme/tests/Feature/GroupSecurityTest.php" line="50" class="Tests\Feature\GroupSecurityTest" classname="Tests.Feature.GroupSecurityTest" assertions="2" time="0.072194"/>
        <testcase name="test_private_posts_are_invisible_to_non_group_members" file="/Users/sisi/Applications/reviewme/tests/Feature/GroupSecurityTest.php" line="70" class="Tests\Feature\GroupSecurityTest" classname="Tests.Feature.GroupSecurityTest" assertions="1" time="0.061583"/>
      </testsuite>
      <testsuite name="Tests\Feature\KarmaSystemTest" file="/Users/sisi/Applications/reviewme/tests/Feature/KarmaSystemTest.php" tests="8" assertions="14" errors="0" failures="0" skipped="0" time="0.246654">
        <testcase name="test_user_level_changes_with_reputation_score" file="/Users/sisi/Applications/reviewme/tests/Feature/KarmaSystemTest.php" line="21" class="Tests\Feature\KarmaSystemTest" classname="Tests.Feature.KarmaSystemTest" assertions="3" time="0.017191"/>
        <testcase name="test_downvote_is_blocked_for_low_karma_users" file="/Users/sisi/Applications/reviewme/tests/Feature/KarmaSystemTest.php" line="36" class="Tests\Feature\KarmaSystemTest" classname="Tests.Feature.KarmaSystemTest" assertions="2" time="0.014691"/>
        <testcase name="test_karma_transactions_are_logged" file="/Users/sisi/Applications/reviewme/tests/Feature/KarmaSystemTest.php" line="52" class="Tests\Feature\KarmaSystemTest" classname="Tests.Feature.KarmaSystemTest" assertions="2" time="0.009037"/>
        <testcase name="test_groups_route_is_protected_by_karma" file="/Users/sisi/Applications/reviewme/tests/Feature/KarmaSystemTest.php" line="73" class="Tests\Feature\KarmaSystemTest" classname="Tests.Feature.KarmaSystemTest" assertions="2" time="0.010612"/>
        <testcase name="test_daily_karma_cap_is_enforced" file="/Users/sisi/Applications/reviewme/tests/Feature/KarmaSystemTest.php" line="86" class="Tests\Feature\KarmaSystemTest" classname="Tests.Feature.KarmaSystemTest" assertions="1" time="0.032257"/>
        <testcase name="test_quality_bonus_is_applied_to_long_posts" file="/Users/sisi/Applications/reviewme/tests/Feature/KarmaSystemTest.php" line="107" class="Tests\Feature\KarmaSystemTest" classname="Tests.Feature.KarmaSystemTest" assertions="1" time="0.070524"/>
        <testcase name="test_rebuild_command_restores_integrity" file="/Users/sisi/Applications/reviewme/tests/Feature/KarmaSystemTest.php" line="127" class="Tests\Feature\KarmaSystemTest" classname="Tests.Feature.KarmaSystemTest" assertions="1" time="0.041105"/>
        <testcase name="test_downvote_is_free_for_voter" file="/Users/sisi/Applications/reviewme/tests/Feature/KarmaSystemTest.php" line="151" class="Tests\Feature\KarmaSystemTest" classname="Tests.Feature.KarmaSystemTest" assertions="2" time="0.051237"/>
      </testsuite>
      <testsuite name="Tests\Feature\PostDetailTest" file="/Users/sisi/Applications/reviewme/tests/Feature/PostDetailTest.php" tests="3" assertions="5" errors="0" failures="0" skipped="0" time="0.332723">
        <testcase name="test_user_can_view_vibe" file="/Users/sisi/Applications/reviewme/tests/Feature/PostDetailTest.php" line="20" class="Tests\Feature\PostDetailTest" classname="Tests.Feature.PostDetailTest" assertions="2" time="0.095242"/>
        <testcase name="test_user_can_add_review" file="/Users/sisi/Applications/reviewme/tests/Feature/PostDetailTest.php" line="38" class="Tests\Feature\PostDetailTest" classname="Tests.Feature.PostDetailTest" assertions="2" time="0.166060"/>
        <testcase name="test_user_can_react" file="/Users/sisi/Applications/reviewme/tests/Feature/PostDetailTest.php" line="66" class="Tests\Feature\PostDetailTest" classname="Tests.Feature.PostDetailTest" assertions="1" time="0.071421"/>
      </testsuite>
      <testsuite name="Tests\Feature\PostFeedTest" file="/Users/sisi/Applications/reviewme/tests/Feature/PostFeedTest.php" tests="3" assertions="7" errors="0" failures="0" skipped="0" time="0.114219">
        <testcase name="test_guests_are_redirected_from_feed" file="/Users/sisi/Applications/reviewme/tests/Feature/PostFeedTest.php" line="17" class="Tests\Feature\PostFeedTest" classname="Tests.Feature.PostFeedTest" assertions="2" time="0.016263"/>
        <testcase name="test_authenticated_users_can_see_public_posts" file="/Users/sisi/Applications/reviewme/tests/Feature/PostFeedTest.php" line="26" class="Tests\Feature\PostFeedTest" classname="Tests.Feature.PostFeedTest" assertions="3" time="0.053691"/>
        <testcase name="test_authenticated_users_can_see_their_own_private_posts" file="/Users/sisi/Applications/reviewme/tests/Feature/PostFeedTest.php" line="50" class="Tests\Feature\PostFeedTest" classname="Tests.Feature.PostFeedTest" assertions="2" time="0.044265"/>
      </testsuite>
      <testsuite name="Tests\Feature\ProfileTest" file="/Users/sisi/Applications/reviewme/tests/Feature/ProfileTest.php" tests="5" assertions="22" errors="0" failures="0" skipped="0" time="0.111579">
        <testcase name="test_profile_page_is_displayed" file="/Users/sisi/Applications/reviewme/tests/Feature/ProfileTest.php" line="13" class="Tests\Feature\ProfileTest" classname="Tests.Feature.ProfileTest" assertions="1" time="0.021536"/>
        <testcase name="test_profile_information_can_be_updated" file="/Users/sisi/Applications/reviewme/tests/Feature/ProfileTest.php" line="24" class="Tests\Feature\ProfileTest" classname="Tests.Feature.ProfileTest" assertions="6" time="0.013761"/>
        <testcase name="test_email_verification_status_is_unchanged_when_the_email_address_is_unchanged" file="/Users/sisi/Applications/reviewme/tests/Feature/ProfileTest.php" line="49" class="Tests\Feature\ProfileTest" classname="Tests.Feature.ProfileTest" assertions="5" time="0.024333"/>
        <testcase name="test_user_can_delete_their_account" file="/Users/sisi/Applications/reviewme/tests/Feature/ProfileTest.php" line="72" class="Tests\Feature\ProfileTest" classname="Tests.Feature.ProfileTest" assertions="5" time="0.030721"/>
        <testcase name="test_correct_password_must_be_provided_to_delete_account" file="/Users/sisi/Applications/reviewme/tests/Feature/ProfileTest.php" line="90" class="Tests\Feature\ProfileTest" classname="Tests.Feature.ProfileTest" assertions="5" time="0.021228"/>
      </testsuite>
      <testsuite name="Tests\Feature\PublishWorkflowTest" file="/Users/sisi/Applications/reviewme/tests/Feature/PublishWorkflowTest.php" tests="6" assertions="27" errors="0" failures="0" skipped="0" time="0.931484">
        <testcase name="test_user_can_publish_artifact" file="/Users/sisi/Applications/reviewme/tests/Feature/PublishWorkflowTest.php" line="19" class="Tests\Feature\PublishWorkflowTest" classname="Tests.Feature.PublishWorkflowTest" assertions="6" time="0.211899"/>
        <testcase name="test_artifacts_v3_multi_import_and_telemetry" file="/Users/sisi/Applications/reviewme/tests/Feature/PublishWorkflowTest.php" line="58" class="Tests\Feature\PublishWorkflowTest" classname="Tests.Feature.PublishWorkflowTest" assertions="7" time="0.058580"/>
        <testcase name="test_duplicate_filename_detection" file="/Users/sisi/Applications/reviewme/tests/Feature/PublishWorkflowTest.php" line="88" class="Tests\Feature\PublishWorkflowTest" classname="Tests.Feature.PublishWorkflowTest" assertions="2" time="0.394799"/>
        <testcase name="test_files_reordering" file="/Users/sisi/Applications/reviewme/tests/Feature/PublishWorkflowTest.php" line="104" class="Tests\Feature\PublishWorkflowTest" classname="Tests.Feature.PublishWorkflowTest" assertions="3" time="0.053822"/>
        <testcase name="test_files_move_up_down" file="/Users/sisi/Applications/reviewme/tests/Feature/PublishWorkflowTest.php" line="124" class="Tests\Feature\PublishWorkflowTest" classname="Tests.Feature.PublishWorkflowTest" assertions="4" time="0.046718"/>
        <testcase name="test_user_can_publish_private_artifact_in_group" file="/Users/sisi/Applications/reviewme/tests/Feature/PublishWorkflowTest.php" line="146" class="Tests\Feature\PublishWorkflowTest" classname="Tests.Feature.PublishWorkflowTest" assertions="5" time="0.165665"/>
      </testsuite>
      <testsuite name="Tests\Feature\ReputationSystemTest" file="/Users/sisi/Applications/reviewme/tests/Feature/ReputationSystemTest.php" tests="4" assertions="6" errors="0" failures="0" skipped="0" time="0.053512">
        <testcase name="test_author_gains_reputation_on_reaction" file="/Users/sisi/Applications/reviewme/tests/Feature/ReputationSystemTest.php" line="20" class="Tests\Feature\ReputationSystemTest" classname="Tests.Feature.ReputationSystemTest" assertions="1" time="0.013815"/>
        <testcase name="test_reputation_stacks_with_multiple_reactions" file="/Users/sisi/Applications/reviewme/tests/Feature/ReputationSystemTest.php" line="43" class="Tests\Feature\ReputationSystemTest" classname="Tests.Feature.ReputationSystemTest" assertions="1" time="0.013857"/>
        <testcase name="test_reputation_is_removed_on_toggle_off" file="/Users/sisi/Applications/reviewme/tests/Feature/ReputationSystemTest.php" line="61" class="Tests\Feature\ReputationSystemTest" classname="Tests.Feature.ReputationSystemTest" assertions="2" time="0.014314"/>
        <testcase name="test_reputation_delta_is_correct_on_switch" file="/Users/sisi/Applications/reviewme/tests/Feature/ReputationSystemTest.php" line="82" class="Tests\Feature\ReputationSystemTest" classname="Tests.Feature.ReputationSystemTest" assertions="2" time="0.011526"/>
      </testsuite>
      <testsuite name="Tests\Feature\UpdatePostTest" file="/Users/sisi/Applications/reviewme/tests/Feature/UpdatePostTest.php" tests="3" assertions="7" errors="0" failures="0" skipped="0" time="0.080720">
        <testcase name="test_author_can_access_update_page" file="/Users/sisi/Applications/reviewme/tests/Feature/UpdatePostTest.php" line="18" class="Tests\Feature\UpdatePostTest" classname="Tests.Feature.UpdatePostTest" assertions="2" time="0.033595"/>
        <testcase name="test_non_author_cannot_access_update_page" file="/Users/sisi/Applications/reviewme/tests/Feature/UpdatePostTest.php" line="30" class="Tests\Feature\UpdatePostTest" classname="Tests.Feature.UpdatePostTest" assertions="1" time="0.022768"/>
        <testcase name="test_author_can_submit_new_version" file="/Users/sisi/Applications/reviewme/tests/Feature/UpdatePostTest.php" line="42" class="Tests\Feature\UpdatePostTest" classname="Tests.Feature.UpdatePostTest" assertions="4" time="0.024358"/>
      </testsuite>
      <testsuite name="Tests\Feature\UserProfileTest" file="/Users/sisi/Applications/reviewme/tests/Feature/UserProfileTest.php" tests="3" assertions="11" errors="0" failures="0" skipped="0" time="0.046112">
        <testcase name="users_can_view_a_profile_by_handle" file="/Users/sisi/Applications/reviewme/tests/Feature/UserProfileTest.php" line="14" class="Tests\Feature\UserProfileTest" classname="Tests.Feature.UserProfileTest" assertions="4" time="0.018245"/>
        <testcase name="users_can_update_their_profile_including_handle_and_bio" file="/Users/sisi/Applications/reviewme/tests/Feature/UserProfileTest.php" line="32" class="Tests\Feature\UserProfileTest" classname="Tests.Feature.UserProfileTest" assertions="5" time="0.011607"/>
        <testcase name="handles_must_be_unique" file="/Users/sisi/Applications/reviewme/tests/Feature/UserProfileTest.php" line="55" class="Tests\Feature\UserProfileTest" classname="Tests.Feature.UserProfileTest" assertions="2" time="0.016260"/>
      </testsuite>
    </testsuite>
  </testsuite>
</testsuites>
